                                                   SNHR8IFL                                                   
                                                SNHR8IFL_DICT                                                 

                                        SNHR8IFL.DCF                                                          
                                    Last Modified:  9/8/2022  11:33:53 AM                                     

--------------------------------------------------------------------------------------------------------------
Level Name                    Level Label                                                  Type            Rec
  Record Name                   Record Label                                              Value  Req  Max  Len
--------------------------------------------------------------------------------------------------------------
HOUSEHOLD                     HOUSEHOLD                                                                       
  RECORD1                       RECORD1                                                          Yes    1  7211
Level: HOUSEHOLD                                       Record: RECORD1
--------------------------------------------------------------------------------------------------------------
                                                                                 Data Item            Dec Zero
Item Name              Item Label                                     Start  Len Type Type  Occ  Dec Char Fill
--------------------------------------------------------------------------------------------------------------
HHID              (id) Case Identification                                1   12   AN    I    1    0   No   No
                         (record type)                                    0    0   AN    I    1    0   No   No
HV000                  Country code and phase                            13    3   AN    I    1    0   No   No
HV001                  Cluster number                                    16    6    N    I    1    0   No   No
HV002                  Household number                                  22    6    N    I    1    0   No   No
HV003                  Respondent's line number (answering Household q   28    3    N    I    1    0   No   No
                               0      Incomplete household
                               1:999  
HV004                  Ultimate area unit                                31    4    N    I    1    0   No   No
HV005                  Household sample weight (6 decimals)              35    8    N    I    1    0   No   No
HV006                  Month of interview                                43    2    N    I    1    0   No   No
                               1:12  
HV007                  Year of interview                                 45    4    N    I    1    0   No   No
                               2015:2025  
HV008                  Date of interview (CMC)                           49    4    N    I    1    0   No   No
HV008A                 Date of interview Century Day Code (CDC)          53    5    N    I    1    0   No   No
HV009                  Number of household members                       58    2    N    I    1    0   No   No
                               0:90  
HV010                  Number of eligible women in household             60    2    N    I    1    0   No   No
                               0:20  
HV011                  NA- Number of eligible men in household           62    2    N    I    1    0   No   No
                               0:20  
HV012                  Number of de jure members                         64    2    N    I    1    0   No   No
                               0:90  
HV013                  Number of de facto members                        66    2    N    I    1    0   No   No
                               0:90  
HV014                  Number of children 5 and under (de jure)          68    2    N    I    1    0   No   No
                               0:25  
HV015                  Result of household interview                     70    1    N    I    1    0   No   No
                               1  Completed
                               2  No Household member/no competent member at home
                               3  Entire Household absent for extended period of time
                               4  Postponed
                               5  Refused
                               6  Dwelling vacant or address not a dwelling
                               7  Dwelling destroyed
                               8  Dwelling not found
                               9  Other
HV016                  Day of interview                                  71    2    N    I    1    0   No   No
                               1:31  
HV017                  Number of visits                                  73    1    N    I    1    0   No   No
                               1:8  
                           (m) 9    Missing
HV018                  Interviewer identification                        74    5    N    I    1    0   No   No
HV019                  NA- Keyer identification                          79    3    N    I    1    0   No   No
HV020                  Ever-married sample                               82    1    N    I    1    0   No   No
                               0  All woman sample
                               1  Ever married sample
HV021                  Primary sampling unit                             83    4    N    I    1    0   No   No
HV022                  Sample strata for sampling errors                 87    4    N    I    1    0   No   No
                               1   Dakar urbain
                               2   Dakar rurale
                               3   Ziquinchor urbain
                               4   Ziguinchor rurale
                               5   Diourbel urbain
                               6   Diourbel rurale
                               7   Saint-Louis urbain
                               8   Saint-Louis rurale
                               9   Tambacounda urbain
                               10  Tambacounda rurale
                               11  Kaolack urbain
                               12  Kaolack rurale
                               13  Thiès urbain
                               14  Thiès rurale
                               15  Louga urbain
                               16  Louga rurale
                               17  Fatick urbain
                               18  Fatick rurale
                               19  Kolda urban
                               20  Kolda rurale
                               21  Matam urbain
                               22  Matam rurale
                               23  Kaffrine urbain
                               24  Kaffrine rurale
                               25  Kedougou urbain
                               26  Kedougou rurale
                               27  Sedhiou urbain
                               28  Sedhiou rurale
HV023                  Stratification used in sample design              91    2    N    I    1    0   No   No
                               1   Dakar urbain
                               2   Dakar rurale
                               3   Ziquinchor urbain
                               4   Ziguinchor rurale
                               5   Diourbel urbain
                               6   Diourbel rurale
                               7   Saint-Louis urbain
                               8   Saint-Louis rurale
                               9   Tambacounda urbain
                               10  Tambacounda rurale
                               11  Kaolack urbain
                               12  Kaolack rurale
                               13  Thiès urbain
                               14  Thiès rurale
                               15  Louga urbain
                               16  Louga rurale
                               17  Fatick urbain
                               18  Fatick rurale
                               19  Kolda urban
                               20  Kolda rurale
                               21  Matam urbain
                               22  Matam rurale
                               23  Kaffrine urbain
                               24  Kaffrine rurale
                               25  Kedougou urbain
                               26  Kedougou rurale
                               27  Sedhiou urbain
                               28  Sedhiou rurale
HV024                  Region                                            93    2    N    I    1    0   No   No
                               1   Dakar
                               2   Ziguinchor
                               3   Diourbel
                               4   Saint-Louis
                               5   Tambacounda
                               6   Kaolack
                               7   Thiès
                               8   Louga
                               9   Fatick
                               10  Kolda
                               11  Matam
                               12  Kaffrine
                               13  Kedougou
                               14  Sedhiou
HV025                  Type of place of residence                        95    1    N    I    1    0   No   No
                               1  Urban
                               2  Rural
HV026                  NA- Place of residence                            96    1    N    I    1    0   No   No
                               0  Capital, large city
                               1  Small city
                               2  Town
                               3  Countryside
                           (m) 9  Missing
HV027                  NA- Household selected for male interview         97    1    N    I    1    0   No   No
                               0  Not selected
                               1  Men's survey
                               2  Husband's survey
HV028                  NA- Household weight for male subsample (6 deci   98    8    N    I    1    0   No   No
HV030                  Field supervisor                                 106    5    N    I    1    0   No   No
HV031                  NA- Field editor                                 111    5    N    I    1    0   No   No
HV032                  NA- Office editor                                116    3    N    I    1    0   No   No
HV035                  Number of eligible children for height and weig  119    2    N    I    1    0   No   No
                               0:20  
HV040                  Cluster altitude in meters                       121    4    N    I    1    0   No   No
                           (m) 9999  Missing
HV041                  NA- Total adults measured                        125    2    N    I    1    0   No   No
                               0:30  
HV042                  Household selected for hemoglobin                127    1    N    I    1    0   No   No
                               0  Not selected
                               1  Selected
HV044                  NA- Household selected for Domestic Violence mo  128    1    N    I    1    0   No   No
                               0  Household not selected
                               1  Household selected
                          (na)    Not applicable
HV045A                 Language of questionnaire                        129    3    N    I    1    0   No   No
                               1  French
HV045B                 Language of interview                            132    3    N    I    1    0   No   No
                               1  French
                               2  Ouolof
                               3  Poular
                               4  Serere
                               5  Mandinque
                               6  Diola
                               7  Other
HV045C                 Native language of respondent                    135    3    N    I    1    0   No   No
                               1  French
                               2  Ouolof
                               3  Poular
                               4  Serere
                               5  Mandinque
                               6  Diola
                               7  Other
HV046                  Translator used                                  138    1    N    I    1    0   No   No
                               0  No
                               1  Yes
HV801                  Time interview started (hhmm - 24 hour clock)    139    4    N    I    1    0   No   No
                               1:2400  
                           (m) 9999    Missing
HV802                  Time interview ended (hhmm - 24 hour clock)      143    4    N    I    1    0   No   No
                               500:2330  
                           (m) 9999      Missing
HV803                  Length of interview in minutes                   147    2    N    I    1    0   No   No
                               0:94  
                               95    95+
                               96    2+ visits
                               97    Inconsistent
                           (m) 99    Missing
HV804                  Number of visits for biomarker                   149    1    N    I    1    0   No   No
                               1:8  
                           (m) 9    Missing
HV807D                 Day of biomarker visit                           150    2    N    I    1    0   No   No
                               1:31  
HV807M                 Month of biomarker visit                         152    2    N    I    1    0   No   No
                               1:12  
HV807Y                 Year of biomarker visit                          154    4    N    I    1    0   No   No
                               2015:2025  
HV807C                 Date of biomarker (CMC)                          158    4    N    I    1    0   No   No
HV807A                 Date of biomarker Century Day Code (CDC)         162    5    N    I    1    0   No   No
HV201                  Source of drinking water                         167    2    N    I    1    0   No   No
                               10  PIPED WATER
                               11  Piped into dwelling
                               12  Piped to yard/plot
                               13  Piped to neighbor
                               14  Public tap/standpipe
                               20  TUBE WELL WATER
                               21  Tube well or borehole
                               30  DUG WELL (OPEN/PROTECTED)
                               31  Protected well
                               32  Unprotected well
                               40  SURFACE FROM SPRING
                               41  Protected spring
                               42  Unprotected spring
                               43  River/dam/lake/ponds/stream/canal/irrigation channel
                               51  Rainwater
                               61  Tanker truck
                               62  Cart with small tank
                               71  Bottled water
                               96  Other
                           (m) 99  Missing
HV202                  Source of non-drinking water                     169    2    N    I    1    0   No   No
                               10  PIPED WATER
                               11  Piped into dwelling
                               12  Piped to yard/plot
                               13  Piped to neighbor
                               14  Public tap/standpipe
                               20  TUBE WELL WATER
                               21  Tube well or borehole
                               30  DUG WELL (OPEN/PROTECTED)
                               31  Protected well
                               32  Unprotected well
                               40  SURFACE FROM SPRING
                               41  Protected spring
                               42  Unprotected spring
                               43  River/dam/lake/ponds/stream/canal/irrigation channel
                               51  Rainwater
                               61  Tanker truck
                               62  Cart with small tank
                               71  Bottled water
                               96  Other
                           (m) 99  Missing
HV204                  Time to get to water source (minutes)            171    3    N    I    1    0   No   No
                               0:900  
                               996    On premises
                               998    Don't know
                           (m) 999    Missing
                          (na)        Not applicable
HV205                  Type of toilet facility                          174    2    N    I    1    0   No   No
                               10  FLUSH TOILET
                               11  Flush to piped sewer system
                               12  Flush to septic tank
                               13  Flush to pit latrine
                               14  Flush to somewhere else
                               15  Flush, don't know where
                               20  PIT TOILET LATRINE
                               21  Ventilated Improved Pit latrine (VIP)
                               22  Pit latrine with slab
                               23  Pit latrine without slab/open pit
                               30  NO FACILITY
                               31  No facility/bush/field
                               41  Composting toilet
                               42  Bucket toilet
                               43  Hanging toilet/latrine
                               96  Other
                           (m) 99  Missing
HV206                  Has electricity                                  176    1    N    I    1    0   No   No
                               0  No
                               1  Yes
                           (m) 9  Missing
HV207                  Has radio                                        177    1    N    I    1    0   No   No
                               0  No
                               1  Yes
                           (m) 9  Missing
HV208                  Has television                                   178    1    N    I    1    0   No   No
                               0  No
                               1  Yes
                           (m) 9  Missing
HV209                  Has refrigerator                                 179    1    N    I    1    0   No   No
                               0  No
                               1  Yes
                           (m) 9  Missing
HV210                  Has bicycle                                      180    1    N    I    1    0   No   No
                               0  No
                               1  Yes
                           (m) 9  Missing
HV211                  Has motorcycle/scooter                           181    1    N    I    1    0   No   No
                               0  No
                               1  Yes
                           (m) 9  Missing
HV212                  Has car/truck                                    182    1    N    I    1    0   No   No
                               0  No
                               1  Yes
                           (m) 9  Missing
HV213                  Main floor material                              183    2    N    I    1    0   No   No
                               10  NATURAL
                               11  Earth, sand
                               12  Dung
                               20  RUDIMENTARY
                               21  Wood planks
                               22  Palm, bamboo
                               30  FINISHED
                               31  Parquet, polished wood
                               32  Vinyl, asphalt strips
                               33  Ceramic tiles
                               34  Cement
                               35  Carpet
                               96  Other
                           (m) 99  Missing
                          (na)     Not applicable
HV214                  Main wall material                               185    2    N    I    1    0   No   No
                               10  NATURAL
                               11  No walls
                               12  Thatch/palms/leaves
                               13  Earth
                               20  RUDIMENTARY
                               21  Bamboo with mud
                               22  Stones with mud
                               23  Uncovered adobe
                               24  Plywood
                               25  Carton
                               26  Reclaimed wood
                               30  FINISHED
                               31  Cement
                               32  Stones with lime/cement
                               33  Bricks
                               34  Cement blocks
                               35  Covered adobe
                               36  Wood planks/shingles
                               96  Other
                           (m) 99  Missing
HV215                  Main roof material                               187    2    N    I    1    0   No   No
                               10  NATURAL
                               11  No roof
                               12  Thatch/palms/leaves
                               13  Clods of earth
                               20  RUDIMENTARY
                               21  Mat
                               22  Palms/Bambou
                               23  Wood planks
                               24  Carton
                               30  FINISHED
                               31  Tole
                               32  Wood
                               33  Zinc/cement fibre
                               34  Tiles
                               35  Cement
                               36  Shingles
                               96  Other
                           (m) 99  Missing
HV216                  Number of rooms used for sleeping                189    2    N    I    1    0   No   No
                               0:24  
                           (m) 99    Missing
HV217                  Relationship structure                           191    1    N    I    1    0   No   No
                               0  No adults
                               1  One adult
                               2  Two adults, opposite sex
                               3  Two adults, same sex
                               4  Three+ related adults
                               5  Unrelated adults
HV218                  Line number of head of household                 192    2    N    I    1    0   No   No
                               1:90  
HV219                  Sex of head of household                         194    1    N    I    1    0   No   No
                               1  Male
                               2  Female
                           (m) 9  Missing
HV220                  Age of head of household                         195    2    N    I    1    0   No   No
                               0:96  
                               97    97+
                               98    Don't know
                           (m) 99    Missing
HV221                  Has telephone (land-line)                        197    1    N    I    1    0   No   No
                               0  No
                               1  Yes
                           (m) 9  Missing
HV225                  Share toilet with other households               198    1    N    I    1    0   No   No
                               0  No
                               1  Yes
                           (m) 9  Missing
HV226                  Type of cooking fuel                             199    2    N    I    1    0   No   No
                               1   Electric cooker
                               2   Solar oven
                               3   Gas/propane/LNG cooker
                               4   Connected to natural gas
                               5   Biogas
                               6   Combustible liquid
                               7   Modern cooker on combustible solid
                               8   Traditional cooker on combustible solid
                               9   Fireplace on 3 stones/open fireplace
                               95  No food cooked in house
                               96  Other
                           (m) 99  Missing
HV227                  Has mosquito bed net for sleeping                201    1    N    I    1    0   No   No
                               0  No
                               1  Yes
                           (m) 9  Missing
HV228                  Children under 5 slept under mosquito bed net l  202    1    N    I    1    0   No   No
                               0  No
                               1  All children
                               2  Some children
                               3  No net in household
                           (m) 9  Missing
                          (na)    Not applicable
HV235                  Location of source for water                     203    1    N    I    1    0   No   No
                               1  In own dwelling
                               2  In own yard/plot
                               3  Elsewhere
                           (m) 9  Missing
                          (na)    Not applicable
HV238                  Number of households sharing toilet              204    2    N    I    1    0   No   No
                               2:9  
                               95   10 or more households
                               98   Don't know
                           (m) 99   Missing
                          (na)      Not applicable
HV238A                 Location of toilet facility                      206    1    N    I    1    0   No   No
                               1  In own dwelling
                               2  In own yard/plot
                               3  Elsewhere
                           (m) 9  Missing
                          (na)    Not applicable
HV243A                 Has mobile telephone                             207    1    N    I    1    0   No   No
                               0  No
                               1  Yes
                           (m) 9  Missing
HV243B                 Has watch                                        208    1    N    I    1    0   No   No
                               0  No
                               1  Yes
                           (m) 9  Missing
HV243C                 Has animal-drawn cart                            209    1    N    I    1    0   No   No
                               0  No
                               1  Yes
                           (m) 9  Missing
HV243D                 Has boat with a motor                            210    1    N    I    1    0   No   No
                               0  No
                               1  Yes
                           (m) 9  Missing
HV243E                 Has a computer                                   211    1    N    I    1    0   No   No
                               0  No
                               1  Yes
                           (m) 9  Missing
HV244                  Owns land usable for agriculture                 212    1    N    I    1    0   No   No
                               0  No
                               1  Yes
                           (m) 9  Missing
HV245                  Hectares of agricultural land (1 decimal)        213    3    N    I    1    0   No   No
                               0:949  
                               950    95 or more
                               998    Unknown
                           (m) 999    Missing
                          (na)        Not applicable
HV246                  Owns livestock, herds or farm animals            216    1    N    I    1    0   No   No
                               0  No
                               1  Yes
                           (m) 9  Missing
HV246A                 NA- Owns cattle                                  217    2    N    I    1    0   No   No
                               0     None
                               1:94  
                               95    95 or more
                               98    Unknown
                           (m) 99    Missing
                          (na)       Not applicable
HV246B                 Owns cows/bulls                                  219    2    N    I    1    0   No   No
                               0     None
                               1:94  
                               95    95 or more
                               98    Unknown
                           (m) 99    Missing
                          (na)       Not applicable
HV246C                 Owns horses/donkeys/mules                        221    2    N    I    1    0   No   No
                               0     None
                               1:94  
                               95    95 or more
                               98    Unknown
                           (m) 99    Missing
                          (na)       Not applicable
HV246D                 Owns goats                                       223    2    N    I    1    0   No   No
                               0     None
                               1:94  
                               95    95 or more
                               98    Unknown
                           (m) 99    Missing
                          (na)       Not applicable
HV246E                 Owns sheep                                       225    2    N    I    1    0   No   No
                               0     None
                               1:94  
                               95    95 or more
                               98    Unknown
                           (m) 99    Missing
                          (na)       Not applicable
HV246F                 Owns pigs                                        227    2    N    I    1    0   No   No
                               0     None
                               1:94  
                               95    95 or more
                               98    Unknown
                           (m) 99    Missing
                          (na)       Not applicable
HV246G                 Owns chicken/poultry                             229    2    N    I    1    0   No   No
                               0     None
                               1:94  
                               95    95 or more
                               98    Unknown
                           (m) 99    Missing
                          (na)       Not applicable
HV246H                 Owns camels                                      231    2    N    I    1    0   No   No
                               0     None
                               1:94  
                               95    95 or more
                               98    Unknown
                           (m) 99    Missing
                          (na)       Not applicable
HV246I                 Owns rabits/other small mammels                  233    2    N    I    1    0   No   No
                               0     None
                               1:94  
                               95    95 or more
                               98    Unknown
                           (m) 99    Missing
                          (na)       Not applicable
HV246J                 Onws other animals                               235    2    N    I    1    0   No   No
                               0     None
                               1:94  
                               95    95 or more
                               98    Unknown
                           (m) 99    Missing
                          (na)       Not applicable
HV246K                 NA- Owns CS                                      237    2    N    I    1    0   No   No
                               0     None
                               1:94  
                               95    95 or more
                               98    Unknown
                           (m) 99    Missing
                          (na)       Not applicable
HV247                  Has bank account                                 239    1    N    I    1    0   No   No
                               0  No
                               1  Yes
                           (m) 9  Missing
HV253                  Has dwelling been sprayed against mosquitoes in  240    1    N    I    1    0   No   No
                               0  No
                               1  Yes
                               8  Don't know
                           (m) 9  Missing
                          (na)    Not applicable
HV253A                 Dwelling sprayed by: Government worker/program   241    1    N    I    1    0   No   No
                               0  No
                               1  Yes
                               8  Don't know
                           (m) 9  Missing
                          (na)    Not applicable
HV253B                 Dwelling sprayed by: private company             242    1    N    I    1    0   No   No
                               0  No
                               1  Yes
                               8  Don't know
                           (m) 9  Missing
                          (na)    Not applicable
HV253C                 Dwelling sprayed by: NGO                         243    1    N    I    1    0   No   No
                               0  No
                               1  Yes
                               8  Don't know
                           (m) 9  Missing
                          (na)    Not applicable
HV253D                 NA-Dwelling sprayed by: CS                       244    1    N    I    1    0   No   No
                               0  No
                               1  Yes
                               8  Don't know
                           (m) 9  Missing
                          (na)    Not applicable
HV253E                 NA-Dwelling sprayed by: CS                       245    1    N    I    1    0   No   No
                               0  No
                               1  Yes
                               8  Don't know
                           (m) 9  Missing
                          (na)    Not applicable
HV253F                 NA- Dwelling sprayed by: CS                      246    1    N    I    1    0   No   No
                               0  No
                               1  Yes
                               8  Don't know
                           (m) 9  Missing
                          (na)    Not applicable
HV253G                 NA- Dwelling sprayed by: CS                      247    1    N    I    1    0   No   No
                               0  No
                               1  Yes
                               8  Don't know
                           (m) 9  Missing
                          (na)    Not applicable
HV253H                 NA- Dwelling sprayed by: CS                      248    1    N    I    1    0   No   No
                               0  No
                               1  Yes
                               8  Don't know
                           (m) 9  Missing
                          (na)    Not applicable
HV253X                 Dwelling sprayed by: other                       249    1    N    I    1    0   No   No
                               0  No
                               1  Yes
                               8  Don't know
                           (m) 9  Missing
                          (na)    Not applicable
HV253Z                 Dwelling sprayed by: don't know                  250    1    N    I    1    0   No   No
                               0  No
                               1  Yes: don't know who sprayed the dwelling
                               8  Don't know if it was sprayed
                           (m) 9  Missing
                          (na)    Not applicable
HV270                  Wealth index combined                            251    1    N    I    1    0   No   No
                               1  Poorest
                               2  Poorer
                               3  Middle
                               4  Richer
                               5  Richest
HV271                  Wealth index factor score combined (5 decimals)  252    8    N    I    1    0   No   No
HV270A                 Wealth index for urban/rural                     260    1    N    I    1    0   No   No
                               1  Poorest
                               2  Poorer
                               3  Middle
                               4  Richer
                               5  Richest
HV271A                 Wealth index factor score for urban/rural (5 de  261    8    N    I    1    0   No   No
HML1                   Number of mosquito bed nets                      269    2    N    I    1    0   No   No
                               0:97  
                               98    Don't know
                           (m) 99    Missing
                          (na)       Not applicable
HML1A                  Number of mosquito bed nets with specific infor  271    1    N    I    1    0   No   No
                               0:8  
                               9    9+
                          (na)      Not applicable
HML2                   Number of children under mosquito bed net previ  272    2    N    I    1    0   No   No
                               0:50  
                           (m) 99    Missing
                          (na)       Not applicable
SHGREG                 Region                                           274    1    N    I    1    0   No   No
                               1  Nord
                               2  Ouest
                               3  Centre
                               4  Sud
SHDISSAN               Sanitary district - reset                        275    2    N    I    1    0   No   No
                               1   Bakel
                               2   Kidira
                               3   Tamba
                               4   Maka
                               5   Diankhe
                               6   Goudiry
                               7   Kopentoum
                               8   Kolda
                               9   Myf
                               10  Velingara
                               11  Kedougou
                               12  Selemata
                               13  Saraya
SH110                  Type of cooking fuel                             277    2    N    I    1    0   No   No
                               1   Alcohol/ethnanol
                               2   Gassoline/diesel
                               3   Parafine/petroleum
                               4   Charcoal
                               5   Wood
                               6   Straw/shrubs/grass
                               7   Agricultural crop
                               8   Animal dung
                               9   Processed biomass fuels
                               10  Pellets or wood chips
                               11  Garbage/plastic
                               12  Sawdust
                               95  No food cooked in house
                               96  Other
                           (m) 99  Missing
SH115N                 Size of agricultural land in hectares (1 decima  279    7    N    I    1    0   No   No
SH116D                 Owns a MMDS/TV5 antena                           286    1    N    I    1    0   No   No
                               0  No
                               1  Yes
                           (m) 9  Missing
                          (na)    Not applicable
SH116E                 Owns a memberschip to a television channel       287    1    N    I    1    0   No   No
                               0  No
                               1  Yes
                           (m) 9  Missing
                          (na)    Not applicable
SH116G                 Owns a washing machine                           288    1    N    I    1    0   No   No
                               0  No
                               1  Yes
                           (m) 9  Missing
                          (na)    Not applicable
SH116I                 Owns a stove/gas cooker/electric cooker          289    1    N    I    1    0   No   No
                               0  No
                               1  Yes
                           (m) 9  Missing
                          (na)    Not applicable
SH116J                 Owns an improved kitchen (foyer amelioré)        290    1    N    I    1    0   No   No
                               0  No
                               1  Yes
                           (m) 9  Missing
                          (na)    Not applicable
SH116K                 Owns a video/CD/DVD                              291    1    N    I    1    0   No   No
                               0  No
                               1  Yes
                           (m) 9  Missing
                          (na)    Not applicable
SH116L                 Owns an air conditionner                         292    1    N    I    1    0   No   No
                               0  No
                               1  Yes
                           (m) 9  Missing
                          (na)    Not applicable
SH116N                 Owns internet at home                            293    1    N    I    1    0   No   No
                               0  No
                               1  Yes
                           (m) 9  Missing
                          (na)    Not applicable
SH117F                 Owns a car or truck (CS not personal car)        294    1    N    I    1    0   No   No
                               0  No
                               1  Yes
                           (m) 9  Missing
                          (na)    Not applicable
SH117H                 Owns a personal car                              295    1    N    I    1    0   No   No
                               0  No
                               1  Yes
                           (m) 9  Missing
                          (na)    Not applicable
SH117I                 Owns a plow                                      296    1    N    I    1    0   No   No
                               0  No
                               1  Yes
                           (m) 9  Missing
                          (na)    Not applicable
SH117J                 Owns a small boat                                297    1    N    I    1    0   No   No
                               0  No
                               1  Yes
                           (m) 9  Missing
                          (na)    Not applicable
SH119                  A household member used telephone for financial  298    1    N    I    1    0   No   No
                               0  No
                               1  Yes
                               8  DK
                           (m) 9  Missing
                          (na)    Not applicable
SH119C                 Windows to living quarters covered mosquito scr  299    1    N    I    1    0   No   No
                               0  No
                               1  Yes
                               8  Dont know
SH119D                 Doors to living quarters coverd by mosquito scr  300    1    N    I    1    0   No   No
                               0  No
                               1  Yes
                               8  Dont know
HVIDX                  Line number                                      301    2    N    I   69    0   No   No
                               1:90  
HV101                  Relationship to head                             439    2    N    I   69    0   No   No
                               1   Head
                               2   Wife or husband
                               3   Son/daughter
                               4   Son/daughter-in-law
                               5   Grandchild
                               6   Parent
                               7   Parent-in-law
                               8   Brother/sister
                               9   Co-spouse
                               10  Other relative
                               11  Adopted/foster child
                               12  Not related
                               13  Niece/nephew by blood
                               14  Niece/nephew by marriage
                               98  Don't know
                           (m) 99  Missing
HV102                  Usual resident                                   577    1    N    I   69    0   No   No
                               0  No
                               1  Yes
                           (m) 9  Missing
HV103                  Slept last night                                 646    1    N    I   69    0   No   No
                               0  No
                               1  Yes
                           (m) 9  Missing
HV104                  Sex of household member                          715    1    N    I   69    0   No   No
                               1  Male
                               2  Female
                           (m) 9  Missing
HV105                  Age of household members                         784    2    N    I   69    0   No   No
                               0:94  
                               95    95+
                               98    Don't know
                           (m) 99    Missing
HV117                  Eligibility for female interview                 922    1    N    I   69    0   No   No
                               0  Not eligible
                               1  Eligible
                          (na)    Not applicable
HC0                    Index to Household Schedule                      991    2    N    I   20    0   No   No
                               1:90  
HC1                    Child's age in months                           1031    2    N    I   20    0   No   No
                               0:60  
HC1A                   Child's age in days                             1071    5    N    I   20    0   No   No
                               0:2500  
HC16                   Day of birth                                    1171    2    N    I   20    0   No   No
                               1:31  
                               97    Inconsistent
                               98    Don't know
                           (m) 99    Missing
HC17                   Date measured (day)                             1211    2    N    I   20    0   No   No
                               1:31  
                          (na)       Not applicable
HC18                   Date measured (month)                           1251    2    N    I   20    0   No   No
                               1:12  
                          (na)       Not applicable
HC19                   Date measured (year)                            1291    4    N    I   20    0   No   No
                               2015:2025  
                          (na)            Not applicable
HC20                   Century Day Code (CDC) of measurement           1371    5    N    I   20    0   No   No
HC21                   Fieldworker measurer code                       1471    5    N    I   20    0   No   No
HC27                   Sex                                             1571    1    N    I   20    0   No   No
                               1  Male
                               2  Female
                           (m) 9  Missing
HC30                   Month of birth                                  1591    2    N    I   20    0   No   No
                               1:12  
                               97    Inconsistent
                               98    Don't know
                           (m) 99    Missing
                          (na)       Not applicable
HC31                   Year of birth                                   1631    4    N    I   20    0   No   No
                               2011:2025  
                               9997       Inconsistent
                               9998       Don't know
                           (m) 9999       Missing
                          (na)            Not applicable
HC32                   Date of birth (CMC)                             1711    4    N    I   20    0   No   No
HC32A                  Century Day Code (CDC) of birth                 1791    5    N    I   20    0   No   No
HC33                   Completeness of HC32 information                1891    1    N    I   20    0   No   No
                               0  Month, year and day
                               1  Month and year - information complete
                               2  Month and age - year imputed
                               3  Year and age - month imputed
                               5  Year - age/month imputed
                               6  Age - year/month imputed
                               7  Month - age/year imputed
                               8  None - all imputed
                          (na)    Not applicable
HC51                   Line number of parent/caretaker                 1911    2    N    I   20    0   No   No
                               0     Not in household
                               1:55  
                           (m) 99    Missing
                          (na)       Not applicable
HC52                   Read consent statement - hemoglobin             1951    1    N    I   20    0   No   No
                               1  Granted
                               2  Refused
                               3  Not present/other
                           (m) 9  Missing
                          (na)    Not applicable
HC53                   Hemoglobin level (g/dl - 1 decimal)             1971    3    N    I   20    0   No   No
                               10:990  
                               994     Not present
                               995     Refused
                               996     Other
                           (m) 999     Missing
                          (na)         Not applicable
HC55                   Result of measurement - hemoglobin              2031    1    N    I   20    0   No   No
                               0  Measured
                               3  Not present/other
                               4  Refused
                               6  Other
                           (m) 9  Missing
                          (na)    Not applicable
HC56                   Hemoglobin level adjusted for altitude (g/dl -  2051    3    N    I   20    0   No   No
                               30:180  
                               997     Inconsistent
                           (m) 999     Missing
                          (na)         Not applicable
HC57                   Anemia level                                    2111    1    N    I   20    0   No   No
                               1  Severe
                               2  Moderate
                               3  Mild
                               4  Not anemic
                           (m) 9  Missing
                          (na)    Not applicable
HC58                   NA-Agrees to referral - anemia                  2131    1    N    I   20    0   No   No
                               0  No
                               1  Yes
                               6  Others
                           (m) 9  Missing
HC60                   Mother's line number (woman's questionnaire)    2151    3    N    I   20    0   No   No
                               1:50  
                               993   Mother not de facto
                               994   Incomplete woman's interview
                               995   Not in household
                           (m) 999   Missing
                          (na)       Not applicable
HC61                   Mother's highest educational level              2211    1    N    I   20    0   No   No
                               0  No education
                               1  Primary
                               2  Secondary
                               3  Higher
                               6  Others
                               8  Don't know
                           (m) 9  Missing
HC62                   Mother's highest year of education              2231    2    N    I   20    0   No   No
                               0:10  
                               98    Don't know
                           (m) 99    Missing
                          (na)       Not applicable
HC63                   Preceding birth interval (months)               2271    3    N    I   20    0   No   No
                           (m) 999  Missing
                          (na)      Not applicable
HC64                   Birth order number                              2331    2    N    I   20    0   No   No
                               1:20  
                           (m) 99    Missing
HC68                   Mother's highest educational level (for prelimi 2371    1    N    I   20    0   No   No
                               0  No education
                               1  Primary
                               2  Secondary +
                               8  Don't know
                           (m) 9  Missing
                          (na)    Not applicable
HMLIDX                 Mosquito Bed Net Designation Number             2391    2    N    I   25    0   No   No
HML3                   Net observed by interviewer                     2441    1    N    I   25    0   No   No
                               0  Not seen
                               1  Yes, seen
                           (m) 9  Missing
                          (na)    Not applicable
HML4                   Months ago net obtained                         2466    2    N    I   25    0   No   No
                               0:36  
                               96    More than 3 years ago
                               98    Don't know
                           (m) 99    Missing
                          (na)       Not applicable
HML5                   Net treated with insecticide when bought        2516    1    N    I   25    0   No   No
                               0  No
                               1  Yes
                               8  Don't know
                           (m) 9  Missing
                          (na)    Not applicable
HML6                   NA-Net treatment status                         2541    1    N    I   25    0   No   No
                               0  Not pretreated
                               1  Pretreated, permanent treatment
                               2  Pretreated, requiring future treatment
                               3  Not pretreated, came with kit and treated at home
                               4  Pretreated, treatment type not known
                               6  Other
                               8  Don't know
                           (m) 9  Missing
                          (na)    Not applicable
HML7                   Brand of net                                    2566    2    N    I   25    0   No   No
                               11  Permanet
                               12  Olyset-net
                               13  Dawa plus
                               14  Iconlife
                               15  Interceptor
                               16  Other permanent/LLIN net
                               17  Does not know permanent brand
                               21  K-onet
                               22  Netto
                               23  Sentinelle
                               26  Other treated net
                               30  Manufactured by tailor
                               96  Other brand
                               98  DK brand
                           (m) 99  Missing
                          (na)     Not applicable
HML8                   Net treated since received                      2616    1    N    I   25    0   No   No
                               0  No
                               1  Yes
                               2  Permanent/LLIN net
                               8  Not sure
                           (m) 9  Missing
                          (na)    Not applicable
HML9                   Time since last re-treatment (months)           2641    2    N    I   25    0   No   No
                               0:36  
                               95    25+ months ago
                               96    More than 3 years ago
                               98    Don't know
                           (m) 99    Missing
                          (na)       Not applicable
HML10                  Insecticide-Treated Net (ITN)                   2691    1    N    I   25    0   No   No
                               0  No, don't know
                               1  Yes
                           (m) 9  Missing
                          (na)    Not applicable
HML11                  Number of persons who slept under this net      2716    1    N    I   25    0   No   No
                               0:4  
                               5    5+
                           (m) 9    Missing
                          (na)      Not applicable
HML21                  Someone slept under this net last night         2741    1    N    I   25    0   No   No
                               0  No
                               1  Yes
                               8  Not sure (DK)
                           (m) 9  Missing
                          (na)    Not applicable
HMLA                   Line number of person who slept in this net     2766    2    N    I   25    0   No   No
                               0     No one
                               1:64  
                           (m) 99    Missing
                          (na)       Not applicable
HMLB                   Line number of person who slept in this net     2816    2    N    I   25    0   No   No
                               1:53  
                           (m) 99    Missing
                          (na)       Not applicable
HMLC                   Line number of person who slept in this net     2866    2    N    I   25    0   No   No
                               1:58  
                           (m) 99    Missing
                          (na)       Not applicable
HMLD                   Line number of person who slept in this net     2916    2    N    I   25    0   No   No
                               1:50  
                          (na)       Not applicable
HMLE                   NA-Line number of person who slept in this net  2966    2    N    I   25    0   No   No
                               1:50  
                          (na)       Not applicable
HML22                  Obtained net from campaign, antenatal or immuni 3016    1    N    I   25    0   No   No
                               0  No
                               1  Yes, campaign
                               2  Yes, antenatal care
                               3  Yes, immunization visit
                               4  Yes, community organization (OCB, Association de base)
                           (m) 9  Missing
                          (na)    Not applicable
HML23                  Place where net was obtained                    3041    2    N    I   25    0   No   No
                               10     Government health facility
                               20     Private health facility
                               21:29  
                               30     Other sources
                               31     Pharmacy
                               32     Shop/market
                               33     Community health worker
                               34     Religious institution
                               35     School
                               36     Community Association (Organisations communautaires de base OCB)
                               37     Point distribution campaign
                               38     Parent/neighbor/friend
                               96     Other
                               98     Don't know
                           (m) 99     Missing
                          (na)        Not applicable
SH130                  Reason nobody slept in this net                 3091    2    N    I   25    0   No   No
                               1   Too warm
                               2   Does not like form/collor/size of net
                               3   Does not like smell
                               4   Torn
                               5   Unable to hang
                               6   Slept outside
                               7   No longer very effective
                               8   User does not usually sleep her last night
                               9   No mosquitoes/malaria
                               10  Kept as extra to be used later
                               96  Other reason
                               98  Don't know
                           (m) 99  Missing
                          (na)     Not applicable
HMHIDX                 Index to Household Schedule                     3141    2    N    I   69    0   No   No
                               1:90  
HML12                  Type of Mosquito Bed Net(s) person slept under  3279    1    N    I   69    0   No   No
                               0  Did not sleep under a net
                               1  Only treated (ITN) nets
                               2  Both treated (ITN) and untreated nets
                               3  Only untreated nets
                           (m) 9  Missing
                          (na)    Not applicable
HML13                  Net Designation Number (HMLIDX) for 1st net per 3348    1    N    I   69    0   No   No
                               0    Did not sleep under net
                               1:8  
                               9    9+ see SHML13
                          (na)      Not applicable
HML14                  Net Designation Number (HMLIDX) for 2nd net per 3417    1    N    I   69    0   No   No
                               1:8  
                               9    9+ see SHML14
                          (na)      Not applicable
HML15                  Net Designation Number (HMLIDX) for 3rd net per 3486    1    N    I   69    0   No   No
                               1:8  
                               9    9+ see SHML15
                          (na)      Not applicable
HML16                  Corrected age from Individual file              3555    2    N    I   69    0   No   No
                               0:96  
                               97    97+
                               98    Don't know
                           (m) 99    Missing
HML16A                 Age in months (for children)                    3693    2    N    I   69    0   No   No
HML17                  Flag for age from Individual file               3831    1    N    I   69    0   No   No
                               0  No data from Individual file
                               1  Month and year - information complete
                               2  Month and age - year imputed
                               3  Year and age - month imputed
                               4  Year and age - year ignored
                               5  Year - age/month imputed
                               6  Age - year/month imputed
                               7  Month - age/year imputed
                               8  None - all imputed
                          (na)    Not applicable
HML18                  Pregnancy status from Individual file           3900    1    N    I   69    0   No   No
                               0  Not pregnant, don't know
                               1  Pregnant
                           (m) 9  Missing
                          (na)    Not applicable
HML19                  Person slept under an ever-treated net          3969    1    N    I   69    0   No   No
                               0  No
                               1  Yes
HML20                  Person slept under an LLIN net                  4038    1    N    I   69    0   No   No
                               0  No
                               1  Yes
HML30                  Line number of parent/caretaker (for malaria te 4107    2    N    I   69    0   No   No
                               0     Not in household
                               1:55  
                          (na)       Not applicable
HML31                  Read consent statement for malaria              4245    1    N    I   69    0   No   No
                               1  Granted
                               2  Parent/other responsible refused
                               3  Respondent refused
                               4  Adult/parent not present
                               5  Minor not present
                           (m) 9  Missing
                          (na)    Not applicable
HML32                  NA-Final result of malaria from blood smear tes 4314    1    N    I   69    0   No   No
                               0  Negative
                               1  Positive
                               6  Test undetermined
                               7  Sample not found in lab database
                           (m) 9  Missing
                          (na)    Not applicable
HML32A                 NA-Presence of species: falciparum (Pf)         4383    1    N    I   69    0   No   No
                               0  No
                               1  Yes
                           (m) 9  Missing
                          (na)    Not applicable
HML32B                 NA-Presence of species: malariae (Pm)           4452    1    N    I   69    0   No   No
                               0  No
                               1  Yes
                           (m) 9  Missing
                          (na)    Not applicable
HML32C                 NA-Presence of species: ovale (Po)              4521    1    N    I   69    0   No   No
                               0  No
                               1  Yes
                           (m) 9  Missing
                          (na)    Not applicable
HML32D                 NA-Presence of species: vivax (Pv)              4590    1    N    I   69    0   No   No
                               0  No
                               1  Yes
                           (m) 9  Missing
                          (na)    Not applicable
HML32E                 NA-Presence of species: CS                      4659    1    N    I   69    0   No   No
                               0  No
                               1  Yes
                           (m) 9  Missing
                          (na)    Not applicable
HML32F                 NA-Presence of species: CS                      4728    1    N    I   69    0   No   No
                               0  No
                               1  Yes
                           (m) 9  Missing
                          (na)    Not applicable
HML32G                 NA-Presence of species: CS                      4797    1    N    I   69    0   No   No
                               0  No
                               1  Yes
                           (m) 9  Missing
                          (na)    Not applicable
HML33                  Result of malaria measurement                   4866    1    N    I   69    0   No   No
                               0  Measured
                               3  Not present
                               4  Refused
                               6  Other
                           (m) 9  Missing
                          (na)    Not applicable
HML34                  NA-Bar code for blood smear sample              4935    5   AN    I   69    0   No   No
                               99993  Sample damaged/insufficient/not found in lab
                               99994  Not present
                               99995  Refused
                               99996  Other
                               ?      Missing
HML35                  Result of malaria rapid test                    5280    1    N    I   69    0   No   No
                               0  Negative
                               1  Positive
                               4  Not present
                               5  Refused
                               6  Other
                           (m) 9  Missing
                          (na)    Not applicable
HML36                  Fieldworker measurer code for malaria           5349    5    N    I   69    0   No   No
SB115A                 Ilness or sumptoms: extreme weekness            5694    1    N    I   69    0   No   No
                               0  No
                               1  Yes
SB115B                 Ilness or sumptoms: heart problems              5763    1    N    I   69    0   No   No
                               0  No
                               1  Yes
SB115C                 Ilness or sumptoms: loss of consciousness       5832    1    N    I   69    0   No   No
                               0  No
                               1  Yes
SB115D                 Ilness or sumptoms: rapid breathing             5901    1    N    I   69    0   No   No
                               0  No
                               1  Yes
SB115E                 Ilness or sumptoms: seizures                    5970    1    N    I   69    0   No   No
                               0  No
                               1  Yes
SB115F                 Ilness or sumptoms: abnormal bleeding           6039    1    N    I   69    0   No   No
                               0  No
                               1  Yes
SB115G                 Ilness or sumptoms: jaundice and yellow skin    6108    1    N    I   69    0   No   No
                               0  No
                               1  Yes
SB115H                 Ilness or sumptoms: dark urine                  6177    1    N    I   69    0   No   No
                               0  No
                               1  Yes
SB119                  Child took first line medication in last 2 week 6246    1    N    I   69    0   No   No
                               0  No
                               1  Yes
                          (na)    Not applicable
SB122                  Child accepted first line medication            6315    1    N    I   69    0   No   No
                               0  Medication refused
                               1  Medication accepted
                               6  Other
SB123                  Line number of fieldworker                      6384    4    N    I   69    0   No   No
SB128D                 Date measure ended (day)                        6660    2    N    I   69    0   No   No
                               1:31  
                               98    Don' t kow
                          (na)       Not applicable
SB128M                 Date measure ended (month)                      6798    2    N    I   69    0   No   No
                               1:12  
                               98    Don't know
                          (na)       Not applicable
SB128Y                 Date measure ended (year)                       6936    4    N    I   69    0   No   No
                               2015:2025  
                               9998       Don't know
                          (na)            Not applicable
--------------------------------------------------------------------------------------------------------------
Relation Name         Primary               Linked by             Secondary             Linked by
--------------------------------------------------------------------------------------------------------------
